// Jest Snapshot v1, https://goo.gl/fbAQLP

exports[`VIN checker manufacturer mapping should support all EU manufacturers 1`] = `
{
  "ARO": undefined,
  "ASA-LIFT: Vegetable Technology Specialist (Agricultural Machinery)": undefined,
  "AZLK": undefined,
  "Adam Opel AG/Vauxhall & Holden": "opel",
  "Alexander Dennis": undefined,
  "Alfa Romeo Alfasud & Sprint through 1989": undefined,
  "Alfa Romeo car & Nissan Cherry Europe": "nissan",
  "Alpina": undefined,
  "Alpine": undefined,
  "Aprilia": undefined,
  "Arbeitsgemeinschaft VW-MAN": undefined,
  "Aston Martin Lagonda Limited": undefined,
  "Aston Martin SUVs": undefined,
  "Astra Bus": undefined,
  "Audi": "audi",
  "Audi SUV": "audi",
  "Audi Sport GmbH SUV": "audi",
  "Audi car": "audi",
  "Audi/Porsche RS 2 Avant": "audi",
  "Austin": undefined,
  "Austin Rover Group including Sterling Cars": undefined,
  "Autobianchi": undefined,
  "Autobusfabriek Bova BV": undefined,
  "Automobili Pininfarina": undefined,
  "Avia/Daewoo Avia": undefined,
  "AvtoVAZ": undefined,
  "BMW M car": "bmw",
  "BMW Motorrad Motorcycle": "bmw",
  "BMW Motorrad Motorcycles made in India": "bmw",
  "BMW Motorrad Motorscooters made in China": "bmw",
  "BMW SUV": "bmw",
  "BMW car": "bmw",
  "BMW i SUV": "bmw",
  "BMW i car": "bmw",
  "BMW made by Avtotor": "bmw",
  "Bedford Vehicles": undefined,
  "Benelli": undefined,
  "Bentley Motors Limited": undefined,
  "Bentley SUV": undefined,
  "Betamotor S.p.A.": undefined,
  "Bimota": undefined,
  "Bitter Cars": undefined,
  "Bluecar": undefined,
  "Bogdan group": undefined,
  "Brabus": undefined,
  "Bremach": undefined,
  "Bucher Municipal including Johnston Sweepers of the UK (owned by Bucher Municipal of Switzerland)": undefined,
  "Bugatti Automobiles S.A.S.": undefined,
  "Bugatti Automobili S.p.A": undefined,
  "Buick Regal & Buick Cascada": undefined,
  "Cacciamali": undefined,
  "Cadillac BLS built by Saab": "cadillac",
  "Cadillac Catera": "cadillac",
  "Cagiva & MV Agusta": undefined,
  "Caterham Cars": undefined,
  "Chevrolet made by Avtotor": undefined,
  "Chrysler TC by Maserati": "chrysler",
  "Citro\\xEBn": undefined,
  "Cizeta Automobili SRL": undefined,
  "DAF Bus": undefined,
  "DAF Trucks & Leyland DAF": undefined,
  "DR Automobiles": undefined,
  "DS Automobiles": "stellantis",
  "Dacia": undefined,
  "Daewoo Romania": undefined,
  "Daimler until April 1987": undefined,
  "Dallara Stradale": undefined,
  "De Tomaso Modena SpA": undefined,
  "DeLorean": undefined,
  "Dennis": undefined,
  "Dennis Eagle": undefined,
  "Derbi": undefined,
  "Dodge Sprinter MPV (van with 2 or 3 rows of seats) 2005-2009": undefined,
  "Dodge Sprinter bus (van with more than 3 rows of seats) 2008-2009": undefined,
  "Dodge Sprinter incomplete vehicle 2005-2009": undefined,
  "Dodge Sprinter truck (cargo van with 1 row of seats) 2005-2009": undefined,
  "Dodge Trucks - UK 1981-1984": undefined,
  "Dr\\xF6gm\\xF6ller": undefined,
  "Ducati Motor Holding": undefined,
  "ERF": undefined,
  "Effedi Veicoli Commerciali": undefined,
  "Energica Motor Company": undefined,
  "Euro Bus Diamond": undefined,
  "EvoBus Mercedes-Benz buses": "mercedes",
  "FSC Lublin Automotive Factory": undefined,
  "FSD\\xA0[pl]": undefined,
  "Fabryka Samochod\\xF3w Ma\\u0142olitra\\u017Cowych": undefined,
  "Fabryka Samochodow Osobowych": undefined,
  "Fantic Motor": undefined,
  "Ferrari": "ferrari",
  "Fiat MPV/SUV": undefined,
  "Fiat car Also Fiat Fullback": undefined,
  "Fisker Automotive (Fisker Karma) built by Valmet Automotive": "fisker",
  "Fisker Inc. (Fisker Ocean) made by Magna Steyr": "fisker",
  "Foden": undefined,
  "Ford Espana": "ford",
  "Ford Motor Company ZAO": "ford",
  "Ford Sollers": "ford",
  "Ford of Britain": "ford",
  "Ford of Europe": "ford",
  "Freight Rover": undefined,
  "Freightliner Econic": undefined,
  "Freightliner Sprinter 2002 & Sprinter (Dodge or Freightliner) 2003-2005 MPV (van with 2 or 3 rows of seats)": undefined,
  "Freightliner Sprinter 2002 & Sprinter (Dodge or Freightliner) 2003-2005 incomplete vehicle": undefined,
  "Freightliner Sprinter 2002 & Sprinter (Dodge or Freightliner) 2003-2005 truck (cargo van with 1 row of seats)": undefined,
  "Freightliner Sprinter MPV (van with 2 or 3 rows of seats)": undefined,
  "Freightliner Sprinter MPV (van with 2 or 3 rows of seats) 2005-2019": undefined,
  "Freightliner Sprinter bus (van with more than 3 rows of seats)": undefined,
  "Freightliner Sprinter bus (van with more than 3 rows of seats) 2008-2019": undefined,
  "Freightliner Sprinter incomplete vehicle": undefined,
  "Freightliner Sprinter incomplete vehicle 2005-2019": undefined,
  "Freightliner Sprinter truck (cargo van with 1 row of seats)": undefined,
  "Freightliner Sprinter truck (cargo van with 1 row of seats) 2005-2019": undefined,
  "Freightliner Unimog incomplete vehicle": undefined,
  "Freightliner Unimog truck": undefined,
  "GAZ": undefined,
  "GM-AvtoVAZ": undefined,
  "Gas Gas": undefined,
  "General Motors De Portugal Lda": undefined,
  "General Motors Russia": undefined,
  "GolAZ": undefined,
  "Great Wall Motors IMS Avtotrade-12 LLC": undefined,
  "Great Wall Motors KrASZ": undefined,
  "Great Wall Motors/Litex Motors AD": undefined,
  "Gruppo Bertone": undefined,
  "HWA AG": undefined,
  "Heuliez Bus": undefined,
  "Honda": "honda",
  "Honda Italia Industriale S.p.A.": "honda",
  "Honda UK Manufacturing SUV": "honda",
  "Honda UK Manufacturing car": "honda",
  "Honda made by Austin Rover Group": "honda",
  "Husaberg Swedish built models": undefined,
  "Husqvarna Motorcycles Srl Under BMW ownership": "bmw",
  "Husqvarna Motorcycles Under Cagiva ownership": undefined,
  "Hyundai Automobili Italia Importazioni": undefined,
  "Hyundai Motor Company & Kia made by Avtotor": undefined,
  "Hyundai Motor Manufacturing Czech SUV": undefined,
  "Hyundai Motor Manufacturing Czech car": undefined,
  "Hyundai Motor Manufacturing Rus": undefined,
  "IBC Vehicles (Isuzu Bedford Company)": undefined,
  "IMZ-Ural Ural Motorcycles": undefined,
  "INEOS Automotive": undefined,
  "Ifor Williams Trailers": undefined,
  "Ikarus Bus": undefined,
  "Innocenti": undefined,
  "Irmscher": undefined,
  "Italdesign Automobili Speciali": undefined,
  "Italjet": undefined,
  "Iveco": undefined,
  "Iveco Bus": undefined,
  "Iveco Defence": undefined,
  "Iveco Ford Truck": "ford",
  "Iveco Unic": undefined,
  "Iveco/Iveco Magirus": undefined,
  "JC Bamford Excavators": undefined,
  "Jaguar": "jaguar",
  "Jawa Moto": undefined,
  "Jeep and Dodge Hornet": "jeep",
  "Jelcz": undefined,
  "Jonckheere": undefined,
  "KAMAZ": undefined,
  "KAvZ": undefined,
  "KTM": undefined,
  "Karosa": undefined,
  "Kenworth & Peterbilt trucks made by Leyland Trucks": undefined,
  "Kia Motors Slovakia SUV": undefined,
  "Kia Motors Slovakia car": undefined,
  "Koenigsegg Automotive AB": undefined,
  "LDV Group": undefined,
  "Lamborghini SUV": undefined,
  "Lamborghini car from mid 2003": undefined,
  "Lamborghini through mid 2003": undefined,
  "Lancia": undefined,
  "Land Rover": "land rover",
  "Laverda": undefined,
  "Leyland Bus": undefined,
  "Leyland Motors & Leyland DAF": undefined,
  "Leyland Vehicles": undefined,
  "LiAZ": undefined,
  "London Electric Vehicle Company & London Taxi Company & London Taxis International": undefined,
  "Lotus Cars Limited": undefined,
  "Lynx (snowmobile)": undefined,
  "MAN": undefined,
  "MBK & Yamaha Motor": undefined,
  "MG Motor NAC MG UK & MG Motor UK": undefined,
  "MG Sport and Racing": undefined,
  "MLT Automotive": undefined,
  "MZ Motorrad- und Zweiradwerk": undefined,
  "Malaguti": undefined,
  "Marcos Engineering": undefined,
  "Maserati SUV": undefined,
  "Maserati car": undefined,
  "Mathieu Fayat Group": undefined,
  "Matra/Talbot/Simca": undefined,
  "McLaren F1": undefined,
  "McLaren Group": undefined,
  "Mercedes-AMG used for Mercedes-Benz SLS AMG & Mercedes-AMG GT (not used in North America)": "mercedes",
  "Mercedes-Benz & Maybach": "mercedes",
  "Mercedes-Benz Espana SA (Vitoria)": "mercedes",
  "Mercedes-Benz MPV (van with 2 or 3 rows of seats) (North America)": "mercedes",
  "Mercedes-Benz SUV": "mercedes",
  "Mercedes-Benz Trucks Vostok": "mercedes",
  "Mercedes-Benz bus (van with more than 3 rows of seats) (North America)": "mercedes",
  "Mercedes-Benz car": "mercedes",
  "Mercedes-Benz incomplete vehicle (North America)": "mercedes",
  "Mercedes-Benz truck": "mercedes",
  "Mercedes-Benz truck (cargo van with 1 row of seats) (North America)": "mercedes",
  "Mercedes-Benz van": "mercedes",
  "Mercedes-Benz van (French & Spanish built models - Citan & Vito & X-Class)": "mercedes",
  "Merkur": undefined,
  "Metal-Fach Sp. z o.o.": undefined,
  "Micro Compact Car (until 5/99)": undefined,
  "Mini Moke made by British Leyland & Austin Rover": undefined,
  "Mini Moke made by Cagiva": undefined,
  "Mini SUV": undefined,
  "Mini car": undefined,
  "Mitsubishi Fuso Truck and Bus Corp.": "mitsubishi",
  "Montesa Honda Honda Montesa motorcycle models": "honda",
  "Montesa Honda Honda motorcycle models": "honda",
  "Morgan 3-Wheeler": undefined,
  "Morgan Motor Company": undefined,
  "Morris": undefined,
  "Moto Guzzi": undefined,
  "Moto Morini srl": undefined,
  "Mowag": undefined,
  "NedCar B.V. Mitsubishi Motors": "mitsubishi",
  "NedCar B.V. Mitsubishi Motors (Colt CZC convertible)": "mitsubishi",
  "Neoplan": undefined,
  "Next.e.GO Mobile SE": undefined,
  "Nissan": "nissan",
  "Nissan Manufacturing Rus": "nissan",
  "Nissan Motor Iberica SA, Nissan passenger car/MPV/van/SUV/pickup & Ford Maverick 1993-1999": "ford",
  "Nissan Motor Manufacturing UK Infiniti": "nissan",
  "Nissan Motor Manufacturing UK Nissan": "nissan",
  "Nissan Vehiculos Industriales SA, Nissan Commercial Vehicles": "nissan",
  "Norton Motorcycles": undefined,
  "Oltcit": undefined,
  "Opel Automobile Espana,SA": "opel",
  "Opel Automobile Gmbh/Vauxhall & Holden": "opel",
  "Opel Automobile Gmbh/Vauxhall car/SUV": "opel",
  "Opel Automobile Gmbh/Vauxhall van": "opel",
  "Opel Special Vehicles": "opel",
  "Optare": undefined,
  "PAZ": undefined,
  "PCMA Rus": undefined,
  "Pagani Automobili S.p.A.": undefined,
  "Panther": undefined,
  "Pegaso": undefined,
  "Peugeot": "peugeot",
  "Peugeot Motocycles": "peugeot",
  "Piaggio and Vespa and Gilera": undefined,
  "Pininfarina": undefined,
  "Polaris Europe (based in Switzerland)": undefined,
  "Polestar": undefined,
  "Porsche SUV": undefined,
  "Porsche car": undefined,
  "Qvale": undefined,
  "Ram 1200": undefined,
  "Rayton-Fissore Magnum": undefined,
  "Renault & Eagle Medallion made by Renault": "renault",
  "Renault Espa\\xF1a": "renault",
  "Renault Portuguesa SARL": "renault",
  "Renault Russia": "renault",
  "Renault SOVAB": "renault",
  "Renault Sport Spider": "renault",
  "Renault Trucks": "renault",
  "Renault Trucks & Mack Trucks medium duty trucks made by Renault Trucks": "renault",
  "Renault Trucks Industries 1985-1992": "renault",
  "Rimac Automobili": undefined,
  "Rocar": undefined,
  "Rolls-Royce Motor Cars & Rolls-Royce Motors car": undefined,
  "Rolls-Royce Motor Cars SUV": undefined,
  "Rover & MG Rover Group": undefined,
  "Ruf Automobile": undefined,
  "SEAT": "seat",
  "SOR Libchavy": undefined,
  "SWM Motorcycles S.r.l.": undefined,
  "Saab": undefined,
  "Saab NEVS": undefined,
  "Saab built by Valmet Automotive": undefined,
  "Salvador Caetano": undefined,
  "Sanocka Fabryka Autobusow Sfa / Autosan": undefined,
  "Santana Motor": undefined,
  "Saturn Astra": undefined,
  "Scammell": undefined,
  "Scania Nederland B.V.": undefined,
  "Scania Production Angers": undefined,
  "Scania Production Slupsk": undefined,
  "Scania, Katrineholm bus": undefined,
  "Scania, S\\xF6dert\\xE4lje truck": undefined,
  "Setra & Karl K\\xE4ssbohrer Fahrzeugwerke": undefined,
  "Sisu Auto": undefined,
  "Smart": undefined,
  "Smart (from 5/99)": undefined,
  "Solaris Bus & Coach": undefined,
  "Spyker Cars": undefined,
  "Steyr-Daimler-Puch Puch G & Steyr-Puch Pinzgauer": undefined,
  "Steyr-Daimler-Puch Steyr Trucks": undefined,
  "StreetScooter": undefined,
  "Suzuki": "suzuki",
  "Suzuki Motor Espa\\xF1a Motorcycle": "suzuki",
  "Swift Group Ltd.": undefined,
  "TVR": undefined,
  "Talbot": undefined,
  "Talbot Motor Company": undefined,
  "Tatra car": undefined,
  "Tatra trucks": undefined,
  "Tauro Sport Auto": undefined,
  "Tesla Europe (based in the Netherlands)": "tesla",
  "Tesla Roadster made by Lotus": "tesla",
  "Think Nordic": undefined,
  "Tomos motorcycle": undefined,
  "Toyota Caetano Portugal": "toyota",
  "Toyota Manufacturing UK": "toyota",
  "Toyota Motor Europe (based in Belgium) used for Toyota ProAce & Toyota ProAce City": "toyota",
  "Toyota Motor Manufacturing France": "toyota",
  "Toyota Motor Manufacturing Russia": "toyota",
  "Toyota Supra Fifth generation": "toyota",
  "Trabant": undefined,
  "Triumph Engineering original Triumph Motorcycle company": undefined,
  "Triumph Motorcycles Ltd current Triumph Motorcycle company": undefined,
  "Triumph car": undefined,
  "Tvornica Autobusa Zagreb (TAZ)": undefined,
  "UAZ": undefined,
  "UAZ Special Purpose Vehicles": undefined,
  "UTB (Uzina de Tractoare Bra\\u0219ov)": undefined,
  "UzDaewoo GM Uzbekistan Ravon": undefined,
  "VDL Bova": undefined,
  "VDL Bus & Coach": undefined,
  "VDL Bus International": undefined,
  "Van Hool": undefined,
  "Vauxhall Motors": undefined,
  "Venturi Automobiles": undefined,
  "Viseon Bus": undefined,
  "Volkswagen Commercial Vehicles": "volkswagen",
  "Volkswagen Group Rus": "volkswagen",
  "Volkswagen SUV": "volkswagen",
  "Volkswagen car": "volkswagen",
  "Volvo Bus": undefined,
  "Volvo Buses": undefined,
  "Volvo Car B.V./NedCar B.V. (Volvo Cars)": undefined,
  "Volvo Cars SUV": undefined,
  "Volvo Cars car": undefined,
  "Volvo Truck & Bus": undefined,
  "Volvo Trucks": undefined,
  "Volvo Trucks incomplete vehicle": undefined,
  "Volvo Vostok ZAO Volvo Trucks": undefined,
  "Wartburg": undefined,
  "Westfield Sportscars": undefined,
  "Wielton": undefined,
  "Yamaha Motor Espa\\xF1a SA & Yamaha Sociedad Espa\\xF1ola de Motocicletas": undefined,
  "Yamaha Motor Italia SpA & Belgarda SpA": undefined,
  "ZAZ": undefined,
  "Zastava Automobiles": undefined,
  "\\u0160koda Auto AS": undefined,
  "\\u0160koda Auto made by Eurocar": undefined,
  "\\u0160koda Ostrov": undefined,
  "\\xD6AF": undefined,
  "e.GO Mobile AG": undefined,
}
`;
